// Jest Snapshot v1, https://goo.gl/fbAQLP

exports[`Banner snapshot renders without crashing!" 1`] = `
<div
  data-jsx={3642936745}
>
  <div
    className="banner"
    data-jsx={3642936745}
  >
    <div
      className="header-main"
      data-jsx={3642936745}
    >
      <h1
        data-jsx={3642936745}
      >
        Task Management in the Most Simplistic Form, 
        <br
          data-jsx={3642936745}
        />
        Welcome to 
        <i
          data-jsx={3642936745}
        >
          Plate
        </i>
        !
      </h1>
    </div>
    <div
      className="header-secondary"
      data-jsx={3642936745}
    >
      <h5
        data-jsx={3642936745}
      >
        Create multiple plates and customize your very own task layout.
        <br
          data-jsx={3642936745}
        />
         Register now to begin managing your tasks!
      </h5>
    </div>
    <div
      className="register-button"
      data-jsx={3642936745}
    >
      <div
        className={undefined}
        style={
          Object {
            "WebkitTapHighlightColor": "rgba(0,0,0,0)",
            "backgroundColor": "#ffffff",
            "borderRadius": "2px",
            "boxShadow": "0 1px 6px rgba(0, 0, 0, 0.12),
                   0 1px 4px rgba(0, 0, 0, 0.12)",
            "boxSizing": "border-box",
            "color": "rgba(0, 0, 0, 0.87)",
            "display": "inline-block",
            "fontFamily": "Roboto, sans-serif",
            "minWidth": 88,
            "muiPrepared": true,
            "transition": "all 450ms cubic-bezier(0.23, 1, 0.32, 1) 0ms",
          }
        }
      >
        <button
          disabled={false}
          href={undefined}
          onBlur={[Function]}
          onClick={[Function]}
          onFocus={[Function]}
          onKeyDown={[Function]}
          onKeyUp={[Function]}
          onMouseDown={[Function]}
          onMouseEnter={[Function]}
          onMouseLeave={[Function]}
          onMouseUp={[Function]}
          onTouchEnd={[Function]}
          onTouchStart={[Function]}
          onTouchTap={[Function]}
          style={
            Object {
              "WebkitTapHighlightColor": "rgba(0, 0, 0, 0)",
              "backgroundColor": "#00bcd4",
              "border": 10,
              "borderRadius": 2,
              "boxSizing": "border-box",
              "cursor": "pointer",
              "display": "inline-block",
              "fontFamily": "Roboto, sans-serif",
              "fontSize": "inherit",
              "fontWeight": "inherit",
              "height": 36,
              "lineHeight": "36px",
              "margin": 0,
              "muiPrepared": true,
              "outline": "none",
              "padding": 0,
              "position": "relative",
              "textAlign": "center",
              "textDecoration": "none",
              "transition": "all 450ms cubic-bezier(0.23, 1, 0.32, 1) 0ms",
              "verticalAlign": null,
              "width": "100%",
              "zIndex": 1,
            }
          }
          tabIndex={0}
          type="button"
        >
          <div
            onMouseDown={[Function]}
            onMouseLeave={[Function]}
            onMouseUp={[Function]}
            onTouchEnd={[Function]}
            onTouchStart={[Function]}
          >
            <div
              style={
                Object {
                  "backgroundColor": false,
                  "borderRadius": 2,
                  "height": 36,
                  "muiPrepared": true,
                  "top": 0,
                  "transition": "all 450ms cubic-bezier(0.23, 1, 0.32, 1) 0ms",
                }
              }
            >
              <span
                style={
                  Object {
                    "color": "#ffffff",
                    "fontSize": 14,
                    "fontWeight": 500,
                    "letterSpacing": 0,
                    "margin": 0,
                    "muiPrepared": true,
                    "opacity": 1,
                    "paddingLeft": 16,
                    "paddingRight": 16,
                    "position": "relative",
                    "textTransform": "uppercase",
                    "userSelect": "none",
                  }
                }
              >
                Register Now
              </span>
            </div>
          </div>
        </button>
      </div>
    </div>
  </div>
</div>
`;
